// Vitest Snapshot v1, https://vitest.dev/guide/snapshot.html

exports[`Test on settings > Admin key: Get default settings of an index 1`] = `
{
  "dictionary": [],
  "displayedAttributes": [
    "*",
  ],
  "distinctAttribute": null,
  "embedders": {},
  "facetSearch": true,
  "faceting": {
    "maxValuesPerFacet": 100,
    "sortFacetValuesBy": {
      "*": "alpha",
    },
  },
  "filterableAttributes": [],
  "localizedAttributes": null,
  "nonSeparatorTokens": [],
  "pagination": {
    "maxTotalHits": 1000,
  },
  "prefixSearch": "indexingTime",
  "proximityPrecision": "byWord",
  "rankingRules": [
    "words",
    "typo",
    "proximity",
    "attribute",
    "sort",
    "exactness",
  ],
  "searchCutoffMs": null,
  "searchableAttributes": [
    "*",
  ],
  "separatorTokens": [],
  "sortableAttributes": [],
  "stopWords": [],
  "synonyms": {},
  "typoTolerance": {
    "disableOnAttributes": [],
    "disableOnWords": [],
    "enabled": true,
    "minWordSizeForTypos": {
      "oneTypo": 5,
      "twoTypos": 9,
    },
  },
}
`;

exports[`Test on settings > Admin key: Get default settings of empty index with primary key 1`] = `
{
  "dictionary": [],
  "displayedAttributes": [
    "*",
  ],
  "distinctAttribute": null,
  "embedders": {},
  "facetSearch": true,
  "faceting": {
    "maxValuesPerFacet": 100,
    "sortFacetValuesBy": {
      "*": "alpha",
    },
  },
  "filterableAttributes": [],
  "localizedAttributes": null,
  "nonSeparatorTokens": [],
  "pagination": {
    "maxTotalHits": 1000,
  },
  "prefixSearch": "indexingTime",
  "proximityPrecision": "byWord",
  "rankingRules": [
    "words",
    "typo",
    "proximity",
    "attribute",
    "sort",
    "exactness",
  ],
  "searchCutoffMs": null,
  "searchableAttributes": [
    "*",
  ],
  "separatorTokens": [],
  "sortableAttributes": [],
  "stopWords": [],
  "synonyms": {},
  "typoTolerance": {
    "disableOnAttributes": [],
    "disableOnWords": [],
    "enabled": true,
    "minWordSizeForTypos": {
      "oneTypo": 5,
      "twoTypos": 9,
    },
  },
}
`;

exports[`Test on settings > Admin key: Reset embedders settings  1`] = `
{
  "dictionary": [],
  "displayedAttributes": [
    "*",
  ],
  "distinctAttribute": null,
  "embedders": {},
  "facetSearch": true,
  "faceting": {
    "maxValuesPerFacet": 100,
    "sortFacetValuesBy": {
      "*": "alpha",
    },
  },
  "filterableAttributes": [],
  "localizedAttributes": null,
  "nonSeparatorTokens": [],
  "pagination": {
    "maxTotalHits": 1000,
  },
  "prefixSearch": "indexingTime",
  "proximityPrecision": "byWord",
  "rankingRules": [
    "words",
    "typo",
    "proximity",
    "attribute",
    "sort",
    "exactness",
  ],
  "searchCutoffMs": null,
  "searchableAttributes": [
    "*",
  ],
  "separatorTokens": [],
  "sortableAttributes": [],
  "stopWords": [],
  "synonyms": {},
  "typoTolerance": {
    "disableOnAttributes": [],
    "disableOnWords": [],
    "enabled": true,
    "minWordSizeForTypos": {
      "oneTypo": 5,
      "twoTypos": 9,
    },
  },
}
`;

exports[`Test on settings > Admin key: Reset settings 1`] = `
{
  "dictionary": [],
  "displayedAttributes": [
    "*",
  ],
  "distinctAttribute": null,
  "embedders": {},
  "facetSearch": true,
  "faceting": {
    "maxValuesPerFacet": 100,
    "sortFacetValuesBy": {
      "*": "alpha",
    },
  },
  "filterableAttributes": [],
  "localizedAttributes": null,
  "nonSeparatorTokens": [],
  "pagination": {
    "maxTotalHits": 1000,
  },
  "prefixSearch": "indexingTime",
  "proximityPrecision": "byWord",
  "rankingRules": [
    "words",
    "typo",
    "proximity",
    "attribute",
    "sort",
    "exactness",
  ],
  "searchCutoffMs": null,
  "searchableAttributes": [
    "*",
  ],
  "separatorTokens": [],
  "sortableAttributes": [],
  "stopWords": [],
  "synonyms": {},
  "typoTolerance": {
    "disableOnAttributes": [],
    "disableOnWords": [],
    "enabled": true,
    "minWordSizeForTypos": {
      "oneTypo": 5,
      "twoTypos": 9,
    },
  },
}
`;

exports[`Test on settings > Admin key: Reset settings of empty index 1`] = `
{
  "dictionary": [],
  "displayedAttributes": [
    "*",
  ],
  "distinctAttribute": null,
  "embedders": {},
  "facetSearch": true,
  "faceting": {
    "maxValuesPerFacet": 100,
    "sortFacetValuesBy": {
      "*": "alpha",
    },
  },
  "filterableAttributes": [],
  "localizedAttributes": null,
  "nonSeparatorTokens": [],
  "pagination": {
    "maxTotalHits": 1000,
  },
  "prefixSearch": "indexingTime",
  "proximityPrecision": "byWord",
  "rankingRules": [
    "words",
    "typo",
    "proximity",
    "attribute",
    "sort",
    "exactness",
  ],
  "searchCutoffMs": null,
  "searchableAttributes": [
    "*",
  ],
  "separatorTokens": [],
  "sortableAttributes": [],
  "stopWords": [],
  "synonyms": {},
  "typoTolerance": {
    "disableOnAttributes": [],
    "disableOnWords": [],
    "enabled": true,
    "minWordSizeForTypos": {
      "oneTypo": 5,
      "twoTypos": 9,
    },
  },
}
`;

exports[`Test on settings > Admin key: Update embedders settings  1`] = `
{
  "dictionary": [],
  "displayedAttributes": [
    "*",
  ],
  "distinctAttribute": null,
  "embedders": {
    "default": {
      "documentTemplate": "{% for field in fields %}{% if field.is_searchable and field.value != nil %}{{ field.name }}: {{ field.value }}
{% endif %}{% endfor %}",
      "documentTemplateMaxBytes": 400,
      "model": "sentence-transformers/paraphrase-multilingual-MiniLM-L12-v2",
      "pooling": "useModel",
      "source": "huggingFace",
    },
  },
  "facetSearch": true,
  "faceting": {
    "maxValuesPerFacet": 100,
    "sortFacetValuesBy": {
      "*": "alpha",
    },
  },
  "filterableAttributes": [],
  "localizedAttributes": null,
  "nonSeparatorTokens": [],
  "pagination": {
    "maxTotalHits": 1000,
  },
  "prefixSearch": "indexingTime",
  "proximityPrecision": "byWord",
  "rankingRules": [
    "words",
    "typo",
    "proximity",
    "attribute",
    "sort",
    "exactness",
  ],
  "searchCutoffMs": null,
  "searchableAttributes": [
    "*",
  ],
  "separatorTokens": [],
  "sortableAttributes": [],
  "stopWords": [],
  "synonyms": {},
  "typoTolerance": {
    "disableOnAttributes": [],
    "disableOnWords": [],
    "enabled": true,
    "minWordSizeForTypos": {
      "oneTypo": 5,
      "twoTypos": 9,
    },
  },
}
`;

exports[`Test on settings > Admin key: Update facetSearch settings on empty index 1`] = `
{
  "dictionary": [],
  "displayedAttributes": [
    "*",
  ],
  "distinctAttribute": null,
  "embedders": {},
  "facetSearch": false,
  "faceting": {
    "maxValuesPerFacet": 100,
    "sortFacetValuesBy": {
      "*": "alpha",
    },
  },
  "filterableAttributes": [],
  "localizedAttributes": null,
  "nonSeparatorTokens": [],
  "pagination": {
    "maxTotalHits": 1000,
  },
  "prefixSearch": "indexingTime",
  "proximityPrecision": "byWord",
  "rankingRules": [
    "words",
    "typo",
    "proximity",
    "attribute",
    "sort",
    "exactness",
  ],
  "searchCutoffMs": null,
  "searchableAttributes": [
    "*",
  ],
  "separatorTokens": [],
  "sortableAttributes": [],
  "stopWords": [],
  "synonyms": {},
  "typoTolerance": {
    "disableOnAttributes": [],
    "disableOnWords": [],
    "enabled": true,
    "minWordSizeForTypos": {
      "oneTypo": 5,
      "twoTypos": 9,
    },
  },
}
`;

exports[`Test on settings > Admin key: Update prefixSearch settings on an empty index 1`] = `
{
  "dictionary": [],
  "displayedAttributes": [
    "*",
  ],
  "distinctAttribute": null,
  "embedders": {},
  "facetSearch": true,
  "faceting": {
    "maxValuesPerFacet": 100,
    "sortFacetValuesBy": {
      "*": "alpha",
    },
  },
  "filterableAttributes": [],
  "localizedAttributes": null,
  "nonSeparatorTokens": [],
  "pagination": {
    "maxTotalHits": 1000,
  },
  "prefixSearch": "disabled",
  "proximityPrecision": "byWord",
  "rankingRules": [
    "words",
    "typo",
    "proximity",
    "attribute",
    "sort",
    "exactness",
  ],
  "searchCutoffMs": null,
  "searchableAttributes": [
    "*",
  ],
  "separatorTokens": [],
  "sortableAttributes": [],
  "stopWords": [],
  "synonyms": {},
  "typoTolerance": {
    "disableOnAttributes": [],
    "disableOnWords": [],
    "enabled": true,
    "minWordSizeForTypos": {
      "oneTypo": 5,
      "twoTypos": 9,
    },
  },
}
`;

exports[`Test on settings > Admin key: Update searchableAttributes settings on empty index 1`] = `
{
  "dictionary": [],
  "displayedAttributes": [
    "*",
  ],
  "distinctAttribute": null,
  "embedders": {},
  "facetSearch": true,
  "faceting": {
    "maxValuesPerFacet": 100,
    "sortFacetValuesBy": {
      "*": "alpha",
    },
  },
  "filterableAttributes": [],
  "localizedAttributes": null,
  "nonSeparatorTokens": [],
  "pagination": {
    "maxTotalHits": 1000,
  },
  "prefixSearch": "indexingTime",
  "proximityPrecision": "byWord",
  "rankingRules": [
    "words",
    "typo",
    "proximity",
    "attribute",
    "sort",
    "exactness",
  ],
  "searchCutoffMs": null,
  "searchableAttributes": [
    "title",
  ],
  "separatorTokens": [],
  "sortableAttributes": [],
  "stopWords": [],
  "synonyms": {},
  "typoTolerance": {
    "disableOnAttributes": [],
    "disableOnWords": [],
    "enabled": true,
    "minWordSizeForTypos": {
      "oneTypo": 5,
      "twoTypos": 9,
    },
  },
}
`;

exports[`Test on settings > Admin key: Update searchableAttributes settings on empty index with a primary key 1`] = `
{
  "dictionary": [],
  "displayedAttributes": [
    "*",
  ],
  "distinctAttribute": null,
  "embedders": {},
  "facetSearch": true,
  "faceting": {
    "maxValuesPerFacet": 100,
    "sortFacetValuesBy": {
      "*": "alpha",
    },
  },
  "filterableAttributes": [],
  "localizedAttributes": null,
  "nonSeparatorTokens": [],
  "pagination": {
    "maxTotalHits": 1000,
  },
  "prefixSearch": "indexingTime",
  "proximityPrecision": "byWord",
  "rankingRules": [
    "words",
    "typo",
    "proximity",
    "attribute",
    "sort",
    "exactness",
  ],
  "searchCutoffMs": null,
  "searchableAttributes": [
    "title",
  ],
  "separatorTokens": [],
  "sortableAttributes": [],
  "stopWords": [],
  "synonyms": {},
  "typoTolerance": {
    "disableOnAttributes": [],
    "disableOnWords": [],
    "enabled": true,
    "minWordSizeForTypos": {
      "oneTypo": 5,
      "twoTypos": 9,
    },
  },
}
`;

exports[`Test on settings > Admin key: Update settings 1`] = `
{
  "dictionary": [
    "J. K.",
    "J. R. R.",
  ],
  "displayedAttributes": [
    "title",
  ],
  "distinctAttribute": "title",
  "embedders": {},
  "facetSearch": true,
  "faceting": {
    "maxValuesPerFacet": 50,
    "sortFacetValuesBy": {
      "*": "alpha",
    },
  },
  "filterableAttributes": [
    "title",
  ],
  "localizedAttributes": null,
  "nonSeparatorTokens": [
    "&sep",
    "/",
    "|",
  ],
  "pagination": {
    "maxTotalHits": 1000,
  },
  "prefixSearch": "indexingTime",
  "proximityPrecision": "byAttribute",
  "rankingRules": [
    "id:asc",
    "typo",
  ],
  "searchCutoffMs": 1000,
  "searchableAttributes": [
    "title",
  ],
  "separatorTokens": [
    "&sep",
    "/",
    "|",
  ],
  "sortableAttributes": [
    "title",
  ],
  "stopWords": [
    "the",
  ],
  "synonyms": {
    "harry": [
      "potter",
    ],
  },
  "typoTolerance": {
    "disableOnAttributes": [
      "comment",
    ],
    "disableOnWords": [
      "prince",
    ],
    "enabled": false,
    "minWordSizeForTypos": {
      "oneTypo": 1,
      "twoTypos": 100,
    },
  },
}
`;

exports[`Test on settings > Admin key: Update settings on empty index with primary key 1`] = `
{
  "dictionary": [],
  "displayedAttributes": [
    "*",
  ],
  "distinctAttribute": "title",
  "embedders": {},
  "facetSearch": true,
  "faceting": {
    "maxValuesPerFacet": 100,
    "sortFacetValuesBy": {
      "*": "alpha",
    },
  },
  "filterableAttributes": [],
  "localizedAttributes": null,
  "nonSeparatorTokens": [],
  "pagination": {
    "maxTotalHits": 1000,
  },
  "prefixSearch": "indexingTime",
  "proximityPrecision": "byWord",
  "rankingRules": [
    "title:asc",
    "typo",
  ],
  "searchCutoffMs": null,
  "searchableAttributes": [
    "*",
  ],
  "separatorTokens": [],
  "sortableAttributes": [],
  "stopWords": [
    "the",
  ],
  "synonyms": {},
  "typoTolerance": {
    "disableOnAttributes": [],
    "disableOnWords": [],
    "enabled": true,
    "minWordSizeForTypos": {
      "oneTypo": 5,
      "twoTypos": 9,
    },
  },
}
`;

exports[`Test on settings > Admin key: Update settings with all null values 1`] = `
{
  "dictionary": [],
  "displayedAttributes": [
    "*",
  ],
  "distinctAttribute": null,
  "embedders": {},
  "facetSearch": true,
  "faceting": {
    "maxValuesPerFacet": 100,
    "sortFacetValuesBy": {
      "*": "alpha",
    },
  },
  "filterableAttributes": [],
  "localizedAttributes": null,
  "nonSeparatorTokens": [],
  "pagination": {
    "maxTotalHits": 1000,
  },
  "prefixSearch": "indexingTime",
  "proximityPrecision": "byWord",
  "rankingRules": [
    "words",
    "typo",
    "proximity",
    "attribute",
    "sort",
    "exactness",
  ],
  "searchCutoffMs": null,
  "searchableAttributes": [
    "*",
  ],
  "separatorTokens": [],
  "sortableAttributes": [],
  "stopWords": [],
  "synonyms": {},
  "typoTolerance": {
    "disableOnAttributes": [],
    "disableOnWords": [],
    "enabled": true,
    "minWordSizeForTypos": {
      "oneTypo": 5,
      "twoTypos": 9,
    },
  },
}
`;

exports[`Test on settings > Master key: Get default settings of an index 1`] = `
{
  "dictionary": [],
  "displayedAttributes": [
    "*",
  ],
  "distinctAttribute": null,
  "embedders": {},
  "facetSearch": true,
  "faceting": {
    "maxValuesPerFacet": 100,
    "sortFacetValuesBy": {
      "*": "alpha",
    },
  },
  "filterableAttributes": [],
  "localizedAttributes": null,
  "nonSeparatorTokens": [],
  "pagination": {
    "maxTotalHits": 1000,
  },
  "prefixSearch": "indexingTime",
  "proximityPrecision": "byWord",
  "rankingRules": [
    "words",
    "typo",
    "proximity",
    "attribute",
    "sort",
    "exactness",
  ],
  "searchCutoffMs": null,
  "searchableAttributes": [
    "*",
  ],
  "separatorTokens": [],
  "sortableAttributes": [],
  "stopWords": [],
  "synonyms": {},
  "typoTolerance": {
    "disableOnAttributes": [],
    "disableOnWords": [],
    "enabled": true,
    "minWordSizeForTypos": {
      "oneTypo": 5,
      "twoTypos": 9,
    },
  },
}
`;

exports[`Test on settings > Master key: Get default settings of empty index with primary key 1`] = `
{
  "dictionary": [],
  "displayedAttributes": [
    "*",
  ],
  "distinctAttribute": null,
  "embedders": {},
  "facetSearch": true,
  "faceting": {
    "maxValuesPerFacet": 100,
    "sortFacetValuesBy": {
      "*": "alpha",
    },
  },
  "filterableAttributes": [],
  "localizedAttributes": null,
  "nonSeparatorTokens": [],
  "pagination": {
    "maxTotalHits": 1000,
  },
  "prefixSearch": "indexingTime",
  "proximityPrecision": "byWord",
  "rankingRules": [
    "words",
    "typo",
    "proximity",
    "attribute",
    "sort",
    "exactness",
  ],
  "searchCutoffMs": null,
  "searchableAttributes": [
    "*",
  ],
  "separatorTokens": [],
  "sortableAttributes": [],
  "stopWords": [],
  "synonyms": {},
  "typoTolerance": {
    "disableOnAttributes": [],
    "disableOnWords": [],
    "enabled": true,
    "minWordSizeForTypos": {
      "oneTypo": 5,
      "twoTypos": 9,
    },
  },
}
`;

exports[`Test on settings > Master key: Reset embedders settings  1`] = `
{
  "dictionary": [],
  "displayedAttributes": [
    "*",
  ],
  "distinctAttribute": null,
  "embedders": {},
  "facetSearch": true,
  "faceting": {
    "maxValuesPerFacet": 100,
    "sortFacetValuesBy": {
      "*": "alpha",
    },
  },
  "filterableAttributes": [],
  "localizedAttributes": null,
  "nonSeparatorTokens": [],
  "pagination": {
    "maxTotalHits": 1000,
  },
  "prefixSearch": "indexingTime",
  "proximityPrecision": "byWord",
  "rankingRules": [
    "words",
    "typo",
    "proximity",
    "attribute",
    "sort",
    "exactness",
  ],
  "searchCutoffMs": null,
  "searchableAttributes": [
    "*",
  ],
  "separatorTokens": [],
  "sortableAttributes": [],
  "stopWords": [],
  "synonyms": {},
  "typoTolerance": {
    "disableOnAttributes": [],
    "disableOnWords": [],
    "enabled": true,
    "minWordSizeForTypos": {
      "oneTypo": 5,
      "twoTypos": 9,
    },
  },
}
`;

exports[`Test on settings > Master key: Reset settings 1`] = `
{
  "dictionary": [],
  "displayedAttributes": [
    "*",
  ],
  "distinctAttribute": null,
  "embedders": {},
  "facetSearch": true,
  "faceting": {
    "maxValuesPerFacet": 100,
    "sortFacetValuesBy": {
      "*": "alpha",
    },
  },
  "filterableAttributes": [],
  "localizedAttributes": null,
  "nonSeparatorTokens": [],
  "pagination": {
    "maxTotalHits": 1000,
  },
  "prefixSearch": "indexingTime",
  "proximityPrecision": "byWord",
  "rankingRules": [
    "words",
    "typo",
    "proximity",
    "attribute",
    "sort",
    "exactness",
  ],
  "searchCutoffMs": null,
  "searchableAttributes": [
    "*",
  ],
  "separatorTokens": [],
  "sortableAttributes": [],
  "stopWords": [],
  "synonyms": {},
  "typoTolerance": {
    "disableOnAttributes": [],
    "disableOnWords": [],
    "enabled": true,
    "minWordSizeForTypos": {
      "oneTypo": 5,
      "twoTypos": 9,
    },
  },
}
`;

exports[`Test on settings > Master key: Reset settings of empty index 1`] = `
{
  "dictionary": [],
  "displayedAttributes": [
    "*",
  ],
  "distinctAttribute": null,
  "embedders": {},
  "facetSearch": true,
  "faceting": {
    "maxValuesPerFacet": 100,
    "sortFacetValuesBy": {
      "*": "alpha",
    },
  },
  "filterableAttributes": [],
  "localizedAttributes": null,
  "nonSeparatorTokens": [],
  "pagination": {
    "maxTotalHits": 1000,
  },
  "prefixSearch": "indexingTime",
  "proximityPrecision": "byWord",
  "rankingRules": [
    "words",
    "typo",
    "proximity",
    "attribute",
    "sort",
    "exactness",
  ],
  "searchCutoffMs": null,
  "searchableAttributes": [
    "*",
  ],
  "separatorTokens": [],
  "sortableAttributes": [],
  "stopWords": [],
  "synonyms": {},
  "typoTolerance": {
    "disableOnAttributes": [],
    "disableOnWords": [],
    "enabled": true,
    "minWordSizeForTypos": {
      "oneTypo": 5,
      "twoTypos": 9,
    },
  },
}
`;

exports[`Test on settings > Master key: Update embedders settings  1`] = `
{
  "dictionary": [],
  "displayedAttributes": [
    "*",
  ],
  "distinctAttribute": null,
  "embedders": {
    "default": {
      "documentTemplate": "{% for field in fields %}{% if field.is_searchable and field.value != nil %}{{ field.name }}: {{ field.value }}
{% endif %}{% endfor %}",
      "documentTemplateMaxBytes": 400,
      "model": "sentence-transformers/paraphrase-multilingual-MiniLM-L12-v2",
      "pooling": "useModel",
      "source": "huggingFace",
    },
  },
  "facetSearch": true,
  "faceting": {
    "maxValuesPerFacet": 100,
    "sortFacetValuesBy": {
      "*": "alpha",
    },
  },
  "filterableAttributes": [],
  "localizedAttributes": null,
  "nonSeparatorTokens": [],
  "pagination": {
    "maxTotalHits": 1000,
  },
  "prefixSearch": "indexingTime",
  "proximityPrecision": "byWord",
  "rankingRules": [
    "words",
    "typo",
    "proximity",
    "attribute",
    "sort",
    "exactness",
  ],
  "searchCutoffMs": null,
  "searchableAttributes": [
    "*",
  ],
  "separatorTokens": [],
  "sortableAttributes": [],
  "stopWords": [],
  "synonyms": {},
  "typoTolerance": {
    "disableOnAttributes": [],
    "disableOnWords": [],
    "enabled": true,
    "minWordSizeForTypos": {
      "oneTypo": 5,
      "twoTypos": 9,
    },
  },
}
`;

exports[`Test on settings > Master key: Update facetSearch settings on empty index 1`] = `
{
  "dictionary": [],
  "displayedAttributes": [
    "*",
  ],
  "distinctAttribute": null,
  "embedders": {},
  "facetSearch": false,
  "faceting": {
    "maxValuesPerFacet": 100,
    "sortFacetValuesBy": {
      "*": "alpha",
    },
  },
  "filterableAttributes": [],
  "localizedAttributes": null,
  "nonSeparatorTokens": [],
  "pagination": {
    "maxTotalHits": 1000,
  },
  "prefixSearch": "indexingTime",
  "proximityPrecision": "byWord",
  "rankingRules": [
    "words",
    "typo",
    "proximity",
    "attribute",
    "sort",
    "exactness",
  ],
  "searchCutoffMs": null,
  "searchableAttributes": [
    "*",
  ],
  "separatorTokens": [],
  "sortableAttributes": [],
  "stopWords": [],
  "synonyms": {},
  "typoTolerance": {
    "disableOnAttributes": [],
    "disableOnWords": [],
    "enabled": true,
    "minWordSizeForTypos": {
      "oneTypo": 5,
      "twoTypos": 9,
    },
  },
}
`;

exports[`Test on settings > Master key: Update prefixSearch settings on an empty index 1`] = `
{
  "dictionary": [],
  "displayedAttributes": [
    "*",
  ],
  "distinctAttribute": null,
  "embedders": {},
  "facetSearch": true,
  "faceting": {
    "maxValuesPerFacet": 100,
    "sortFacetValuesBy": {
      "*": "alpha",
    },
  },
  "filterableAttributes": [],
  "localizedAttributes": null,
  "nonSeparatorTokens": [],
  "pagination": {
    "maxTotalHits": 1000,
  },
  "prefixSearch": "disabled",
  "proximityPrecision": "byWord",
  "rankingRules": [
    "words",
    "typo",
    "proximity",
    "attribute",
    "sort",
    "exactness",
  ],
  "searchCutoffMs": null,
  "searchableAttributes": [
    "*",
  ],
  "separatorTokens": [],
  "sortableAttributes": [],
  "stopWords": [],
  "synonyms": {},
  "typoTolerance": {
    "disableOnAttributes": [],
    "disableOnWords": [],
    "enabled": true,
    "minWordSizeForTypos": {
      "oneTypo": 5,
      "twoTypos": 9,
    },
  },
}
`;

exports[`Test on settings > Master key: Update searchableAttributes settings on empty index 1`] = `
{
  "dictionary": [],
  "displayedAttributes": [
    "*",
  ],
  "distinctAttribute": null,
  "embedders": {},
  "facetSearch": true,
  "faceting": {
    "maxValuesPerFacet": 100,
    "sortFacetValuesBy": {
      "*": "alpha",
    },
  },
  "filterableAttributes": [],
  "localizedAttributes": null,
  "nonSeparatorTokens": [],
  "pagination": {
    "maxTotalHits": 1000,
  },
  "prefixSearch": "indexingTime",
  "proximityPrecision": "byWord",
  "rankingRules": [
    "words",
    "typo",
    "proximity",
    "attribute",
    "sort",
    "exactness",
  ],
  "searchCutoffMs": null,
  "searchableAttributes": [
    "title",
  ],
  "separatorTokens": [],
  "sortableAttributes": [],
  "stopWords": [],
  "synonyms": {},
  "typoTolerance": {
    "disableOnAttributes": [],
    "disableOnWords": [],
    "enabled": true,
    "minWordSizeForTypos": {
      "oneTypo": 5,
      "twoTypos": 9,
    },
  },
}
`;

exports[`Test on settings > Master key: Update searchableAttributes settings on empty index with a primary key 1`] = `
{
  "dictionary": [],
  "displayedAttributes": [
    "*",
  ],
  "distinctAttribute": null,
  "embedders": {},
  "facetSearch": true,
  "faceting": {
    "maxValuesPerFacet": 100,
    "sortFacetValuesBy": {
      "*": "alpha",
    },
  },
  "filterableAttributes": [],
  "localizedAttributes": null,
  "nonSeparatorTokens": [],
  "pagination": {
    "maxTotalHits": 1000,
  },
  "prefixSearch": "indexingTime",
  "proximityPrecision": "byWord",
  "rankingRules": [
    "words",
    "typo",
    "proximity",
    "attribute",
    "sort",
    "exactness",
  ],
  "searchCutoffMs": null,
  "searchableAttributes": [
    "title",
  ],
  "separatorTokens": [],
  "sortableAttributes": [],
  "stopWords": [],
  "synonyms": {},
  "typoTolerance": {
    "disableOnAttributes": [],
    "disableOnWords": [],
    "enabled": true,
    "minWordSizeForTypos": {
      "oneTypo": 5,
      "twoTypos": 9,
    },
  },
}
`;

exports[`Test on settings > Master key: Update settings 1`] = `
{
  "dictionary": [
    "J. K.",
    "J. R. R.",
  ],
  "displayedAttributes": [
    "title",
  ],
  "distinctAttribute": "title",
  "embedders": {},
  "facetSearch": true,
  "faceting": {
    "maxValuesPerFacet": 50,
    "sortFacetValuesBy": {
      "*": "alpha",
    },
  },
  "filterableAttributes": [
    "title",
  ],
  "localizedAttributes": null,
  "nonSeparatorTokens": [
    "&sep",
    "/",
    "|",
  ],
  "pagination": {
    "maxTotalHits": 1000,
  },
  "prefixSearch": "indexingTime",
  "proximityPrecision": "byAttribute",
  "rankingRules": [
    "id:asc",
    "typo",
  ],
  "searchCutoffMs": 1000,
  "searchableAttributes": [
    "title",
  ],
  "separatorTokens": [
    "&sep",
    "/",
    "|",
  ],
  "sortableAttributes": [
    "title",
  ],
  "stopWords": [
    "the",
  ],
  "synonyms": {
    "harry": [
      "potter",
    ],
  },
  "typoTolerance": {
    "disableOnAttributes": [
      "comment",
    ],
    "disableOnWords": [
      "prince",
    ],
    "enabled": false,
    "minWordSizeForTypos": {
      "oneTypo": 1,
      "twoTypos": 100,
    },
  },
}
`;

exports[`Test on settings > Master key: Update settings on empty index with primary key 1`] = `
{
  "dictionary": [],
  "displayedAttributes": [
    "*",
  ],
  "distinctAttribute": "title",
  "embedders": {},
  "facetSearch": true,
  "faceting": {
    "maxValuesPerFacet": 100,
    "sortFacetValuesBy": {
      "*": "alpha",
    },
  },
  "filterableAttributes": [],
  "localizedAttributes": null,
  "nonSeparatorTokens": [],
  "pagination": {
    "maxTotalHits": 1000,
  },
  "prefixSearch": "indexingTime",
  "proximityPrecision": "byWord",
  "rankingRules": [
    "title:asc",
    "typo",
  ],
  "searchCutoffMs": null,
  "searchableAttributes": [
    "*",
  ],
  "separatorTokens": [],
  "sortableAttributes": [],
  "stopWords": [
    "the",
  ],
  "synonyms": {},
  "typoTolerance": {
    "disableOnAttributes": [],
    "disableOnWords": [],
    "enabled": true,
    "minWordSizeForTypos": {
      "oneTypo": 5,
      "twoTypos": 9,
    },
  },
}
`;

exports[`Test on settings > Master key: Update settings with all null values 1`] = `
{
  "dictionary": [],
  "displayedAttributes": [
    "*",
  ],
  "distinctAttribute": null,
  "embedders": {},
  "facetSearch": true,
  "faceting": {
    "maxValuesPerFacet": 100,
    "sortFacetValuesBy": {
      "*": "alpha",
    },
  },
  "filterableAttributes": [],
  "localizedAttributes": null,
  "nonSeparatorTokens": [],
  "pagination": {
    "maxTotalHits": 1000,
  },
  "prefixSearch": "indexingTime",
  "proximityPrecision": "byWord",
  "rankingRules": [
    "words",
    "typo",
    "proximity",
    "attribute",
    "sort",
    "exactness",
  ],
  "searchCutoffMs": null,
  "searchableAttributes": [
    "*",
  ],
  "separatorTokens": [],
  "sortableAttributes": [],
  "stopWords": [],
  "synonyms": {},
  "typoTolerance": {
    "disableOnAttributes": [],
    "disableOnWords": [],
    "enabled": true,
    "minWordSizeForTypos": {
      "oneTypo": 5,
      "twoTypos": 9,
    },
  },
}
`;
